<testsuites id="" name="" tests="1" failures="0" skipped="0" errors="0" time="10.396882999999999">
<testsuite name="final-blocking-flows-test.spec.ts" timestamp="2025-07-07T22:47:44.270Z" hostname="chromium" tests="1" failures="0" skipped="0" time="7.595" errors="0">
<testcase name="Final Blocking Flows Test - UUID Fix &amp; React Keys › should test complete blocking flows functionality without issues" classname="final-blocking-flows-test.spec.ts" time="7.595">
<system-out>
<![CDATA[✅ Login completed
📄 CMDB Import page loaded
🚀 No blocking flows found, attempting to create some for testing...
ℹ️ No blocking flows found after attempts to create them
✅ SUCCESS: No React key warnings detected throughout the test
📝 Monitored 190 console messages
]]>
</system-out>
</testcase>
</testsuite>
</testsuites>